// Jest Snapshot v1, https://goo.gl/fbAQLP

exports[`MDXDivider should render correctly (snapshot) 1`] = `
<div>
  <div
    class="ant-divider ant-divider-horizontal mx-0 my-12 h-1 rounded-full bg-gradient-primary"
    role="separator"
  />
</div>
`;
