// Jest Snapshot v1, https://goo.gl/fbAQLP

exports[`metaHeader should render correctly (snapshot) 1`] = `<div />`;
