// Jest Snapshot v1, https://goo.gl/fbAQLP

exports[`PostsGrid should render correctly (snapshot) 1`] = `
<div>
  <div
    class="flex-container container relative h-full mx-auto my-0 p-auto flex-col items-start xl:hidden"
  >
    <div
      class="container relative block h-full mx-auto my-0 p-auto px-5 py-4 mt-0 mb-16 transition duration-300 shadow-xl transform-gpu hover:shadow-2xl hover:-translate-y-2"
    >
      <div
        style="opacity: 0; transform: translateX(-200px);"
      >
        <span
          class="ant-tag ant-tag-has-color"
          style="background-color: rgb(245, 159, 0);"
        >
          <a
            class="text-base font-extrabold"
            href="/tag/JavaScript"
          >
            JavaScript
          </a>
        </span>
        <h2
          class="ant-typography my-3"
        >
          1 Basic Notes
        </h2>
        <span
          class="ant-tag tag-black"
        >
          <div
            class="text-base font-extrabold"
          >
            Posted on 
            Wed Aug 08 2018
             
          </div>
        </span>
        <div
          class="container relative block h-full mx-auto my-0 p-auto mt-3"
        >
          <div
            class="ant-skeleton"
          >
            <div
              class="ant-skeleton-content"
            >
              <h3
                class="ant-skeleton-title"
                style="width: 38%;"
              />
              <ul
                class="ant-skeleton-paragraph"
              />
            </div>
          </div>
          <button
            class="ant-btn ant-btn-default float-right m-0 text-2xl rounded-full w-14 h-14 button-primary"
            type="button"
          >
            <span
              aria-label="read"
              class="anticon anticon-read"
              href="/post/1BasicNotes"
              role="img"
              tabindex="-1"
            >
              <svg
                aria-hidden="true"
                data-icon="read"
                fill="currentColor"
                focusable="false"
                height="1em"
                viewBox="64 64 896 896"
                width="1em"
              >
                <path
                  d="M928 161H699.2c-49.1 0-97.1 14.1-138.4 40.7L512 233l-48.8-31.3A255.2 255.2 0 00324.8 161H96c-17.7 0-32 14.3-32 32v568c0 17.7 14.3 32 32 32h228.8c49.1 0 97.1 14.1 138.4 40.7l44.4 28.6c1.3.8 2.8 1.3 4.3 1.3s3-.4 4.3-1.3l44.4-28.6C602 807.1 650.1 793 699.2 793H928c17.7 0 32-14.3 32-32V193c0-17.7-14.3-32-32-32zM324.8 721H136V233h188.8c35.4 0 69.8 10.1 99.5 29.2l48.8 31.3 6.9 4.5v462c-47.6-25.6-100.8-39-155.2-39zm563.2 0H699.2c-54.4 0-107.6 13.4-155.2 39V298l6.9-4.5 48.8-31.3c29.7-19.1 64.1-29.2 99.5-29.2H888v488zM396.9 361H211.1c-3.9 0-7.1 3.4-7.1 7.5v45c0 4.1 3.2 7.5 7.1 7.5h185.7c3.9 0 7.1-3.4 7.1-7.5v-45c.1-4.1-3.1-7.5-7-7.5zm223.1 7.5v45c0 4.1 3.2 7.5 7.1 7.5h185.7c3.9 0 7.1-3.4 7.1-7.5v-45c0-4.1-3.2-7.5-7.1-7.5H627.1c-3.9 0-7.1 3.4-7.1 7.5zM396.9 501H211.1c-3.9 0-7.1 3.4-7.1 7.5v45c0 4.1 3.2 7.5 7.1 7.5h185.7c3.9 0 7.1-3.4 7.1-7.5v-45c.1-4.1-3.1-7.5-7-7.5zm416 0H627.1c-3.9 0-7.1 3.4-7.1 7.5v45c0 4.1 3.2 7.5 7.1 7.5h185.7c3.9 0 7.1-3.4 7.1-7.5v-45c.1-4.1-3.1-7.5-7-7.5z"
                />
              </svg>
            </span>
          </button>
        </div>
      </div>
    </div>
    <div
      class="container relative block h-full mx-auto my-0 p-auto px-5 py-4 mt-0 mb-16 transition duration-300 shadow-xl transform-gpu hover:shadow-2xl hover:-translate-y-2"
    >
      <div
        style="opacity: 0; transform: translateX(-200px);"
      >
        <span
          class="ant-tag ant-tag-has-color"
          style="background-color: rgb(245, 159, 0);"
        >
          <a
            class="text-base font-extrabold"
            href="/tag/JavaScript"
          >
            JavaScript
          </a>
        </span>
        <h2
          class="ant-typography my-3"
        >
          2 Basic Notes
        </h2>
        <span
          class="ant-tag tag-black"
        >
          <div
            class="text-base font-extrabold"
          >
            Posted on 
            Wed Aug 08 2018
             
          </div>
        </span>
        <div
          class="container relative block h-full mx-auto my-0 p-auto mt-3"
        >
          <div
            class="ant-skeleton"
          >
            <div
              class="ant-skeleton-content"
            >
              <h3
                class="ant-skeleton-title"
                style="width: 38%;"
              />
              <ul
                class="ant-skeleton-paragraph"
              >
                <li
                  style="width: 61%;"
                />
              </ul>
            </div>
          </div>
          <button
            class="ant-btn ant-btn-default float-right m-0 text-2xl rounded-full w-14 h-14 button-primary"
            type="button"
          >
            <span
              aria-label="read"
              class="anticon anticon-read"
              href="/post/2BasicNotes"
              role="img"
              tabindex="-1"
            >
              <svg
                aria-hidden="true"
                data-icon="read"
                fill="currentColor"
                focusable="false"
                height="1em"
                viewBox="64 64 896 896"
                width="1em"
              >
                <path
                  d="M928 161H699.2c-49.1 0-97.1 14.1-138.4 40.7L512 233l-48.8-31.3A255.2 255.2 0 00324.8 161H96c-17.7 0-32 14.3-32 32v568c0 17.7 14.3 32 32 32h228.8c49.1 0 97.1 14.1 138.4 40.7l44.4 28.6c1.3.8 2.8 1.3 4.3 1.3s3-.4 4.3-1.3l44.4-28.6C602 807.1 650.1 793 699.2 793H928c17.7 0 32-14.3 32-32V193c0-17.7-14.3-32-32-32zM324.8 721H136V233h188.8c35.4 0 69.8 10.1 99.5 29.2l48.8 31.3 6.9 4.5v462c-47.6-25.6-100.8-39-155.2-39zm563.2 0H699.2c-54.4 0-107.6 13.4-155.2 39V298l6.9-4.5 48.8-31.3c29.7-19.1 64.1-29.2 99.5-29.2H888v488zM396.9 361H211.1c-3.9 0-7.1 3.4-7.1 7.5v45c0 4.1 3.2 7.5 7.1 7.5h185.7c3.9 0 7.1-3.4 7.1-7.5v-45c.1-4.1-3.1-7.5-7-7.5zm223.1 7.5v45c0 4.1 3.2 7.5 7.1 7.5h185.7c3.9 0 7.1-3.4 7.1-7.5v-45c0-4.1-3.2-7.5-7.1-7.5H627.1c-3.9 0-7.1 3.4-7.1 7.5zM396.9 501H211.1c-3.9 0-7.1 3.4-7.1 7.5v45c0 4.1 3.2 7.5 7.1 7.5h185.7c3.9 0 7.1-3.4 7.1-7.5v-45c.1-4.1-3.1-7.5-7-7.5zm416 0H627.1c-3.9 0-7.1 3.4-7.1 7.5v45c0 4.1 3.2 7.5 7.1 7.5h185.7c3.9 0 7.1-3.4 7.1-7.5v-45c.1-4.1-3.1-7.5-7-7.5z"
                />
              </svg>
            </span>
          </button>
        </div>
      </div>
    </div>
    <div
      class="container relative block h-full mx-auto my-0 p-auto px-5 py-4 mt-0 mb-16 transition duration-300 shadow-xl transform-gpu hover:shadow-2xl hover:-translate-y-2"
    >
      <div
        style="opacity: 0; transform: translateX(-200px);"
      >
        <span
          class="ant-tag ant-tag-has-color"
          style="background-color: rgb(245, 159, 0);"
        >
          <a
            class="text-base font-extrabold"
            href="/tag/JavaScript"
          >
            JavaScript
          </a>
        </span>
        <h2
          class="ant-typography my-3"
        >
          3 Basic Notes
        </h2>
        <span
          class="ant-tag tag-black"
        >
          <div
            class="text-base font-extrabold"
          >
            Posted on 
            Wed Aug 08 2018
             
          </div>
        </span>
        <div
          class="container relative block h-full mx-auto my-0 p-auto mt-3"
        >
          <div
            class="ant-skeleton"
          >
            <div
              class="ant-skeleton-content"
            >
              <h3
                class="ant-skeleton-title"
                style="width: 38%;"
              />
              <ul
                class="ant-skeleton-paragraph"
              >
                <li
                  style="width: 61%;"
                />
              </ul>
            </div>
          </div>
          <button
            class="ant-btn ant-btn-default float-right m-0 text-2xl rounded-full w-14 h-14 button-primary"
            type="button"
          >
            <span
              aria-label="read"
              class="anticon anticon-read"
              href="/post/3BasicNotes"
              role="img"
              tabindex="-1"
            >
              <svg
                aria-hidden="true"
                data-icon="read"
                fill="currentColor"
                focusable="false"
                height="1em"
                viewBox="64 64 896 896"
                width="1em"
              >
                <path
                  d="M928 161H699.2c-49.1 0-97.1 14.1-138.4 40.7L512 233l-48.8-31.3A255.2 255.2 0 00324.8 161H96c-17.7 0-32 14.3-32 32v568c0 17.7 14.3 32 32 32h228.8c49.1 0 97.1 14.1 138.4 40.7l44.4 28.6c1.3.8 2.8 1.3 4.3 1.3s3-.4 4.3-1.3l44.4-28.6C602 807.1 650.1 793 699.2 793H928c17.7 0 32-14.3 32-32V193c0-17.7-14.3-32-32-32zM324.8 721H136V233h188.8c35.4 0 69.8 10.1 99.5 29.2l48.8 31.3 6.9 4.5v462c-47.6-25.6-100.8-39-155.2-39zm563.2 0H699.2c-54.4 0-107.6 13.4-155.2 39V298l6.9-4.5 48.8-31.3c29.7-19.1 64.1-29.2 99.5-29.2H888v488zM396.9 361H211.1c-3.9 0-7.1 3.4-7.1 7.5v45c0 4.1 3.2 7.5 7.1 7.5h185.7c3.9 0 7.1-3.4 7.1-7.5v-45c.1-4.1-3.1-7.5-7-7.5zm223.1 7.5v45c0 4.1 3.2 7.5 7.1 7.5h185.7c3.9 0 7.1-3.4 7.1-7.5v-45c0-4.1-3.2-7.5-7.1-7.5H627.1c-3.9 0-7.1 3.4-7.1 7.5zM396.9 501H211.1c-3.9 0-7.1 3.4-7.1 7.5v45c0 4.1 3.2 7.5 7.1 7.5h185.7c3.9 0 7.1-3.4 7.1-7.5v-45c.1-4.1-3.1-7.5-7-7.5zm416 0H627.1c-3.9 0-7.1 3.4-7.1 7.5v45c0 4.1 3.2 7.5 7.1 7.5h185.7c3.9 0 7.1-3.4 7.1-7.5v-45c.1-4.1-3.1-7.5-7-7.5z"
                />
              </svg>
            </span>
          </button>
        </div>
      </div>
    </div>
    <div
      class="container relative block h-full mx-auto my-0 p-auto px-5 py-4 mt-0 mb-16 transition duration-300 shadow-xl transform-gpu hover:shadow-2xl hover:-translate-y-2"
    >
      <div
        style="opacity: 0; transform: translateX(-200px);"
      >
        <span
          class="ant-tag ant-tag-has-color"
          style="background-color: rgb(245, 159, 0);"
        >
          <a
            class="text-base font-extrabold"
            href="/tag/JavaScript"
          >
            JavaScript
          </a>
        </span>
        <h2
          class="ant-typography my-3"
        >
          4 Basic Notes
        </h2>
        <span
          class="ant-tag tag-black"
        >
          <div
            class="text-base font-extrabold"
          >
            Posted on 
            Wed Aug 08 2018
             
          </div>
        </span>
        <div
          class="container relative block h-full mx-auto my-0 p-auto mt-3"
        >
          <div
            class="ant-skeleton"
          >
            <div
              class="ant-skeleton-content"
            >
              <h3
                class="ant-skeleton-title"
                style="width: 38%;"
              />
              <ul
                class="ant-skeleton-paragraph"
              >
                <li />
                <li
                  style="width: 61%;"
                />
              </ul>
            </div>
          </div>
          <button
            class="ant-btn ant-btn-default float-right m-0 text-2xl rounded-full w-14 h-14 button-primary"
            type="button"
          >
            <span
              aria-label="read"
              class="anticon anticon-read"
              href="/post/4BasicNotes"
              role="img"
              tabindex="-1"
            >
              <svg
                aria-hidden="true"
                data-icon="read"
                fill="currentColor"
                focusable="false"
                height="1em"
                viewBox="64 64 896 896"
                width="1em"
              >
                <path
                  d="M928 161H699.2c-49.1 0-97.1 14.1-138.4 40.7L512 233l-48.8-31.3A255.2 255.2 0 00324.8 161H96c-17.7 0-32 14.3-32 32v568c0 17.7 14.3 32 32 32h228.8c49.1 0 97.1 14.1 138.4 40.7l44.4 28.6c1.3.8 2.8 1.3 4.3 1.3s3-.4 4.3-1.3l44.4-28.6C602 807.1 650.1 793 699.2 793H928c17.7 0 32-14.3 32-32V193c0-17.7-14.3-32-32-32zM324.8 721H136V233h188.8c35.4 0 69.8 10.1 99.5 29.2l48.8 31.3 6.9 4.5v462c-47.6-25.6-100.8-39-155.2-39zm563.2 0H699.2c-54.4 0-107.6 13.4-155.2 39V298l6.9-4.5 48.8-31.3c29.7-19.1 64.1-29.2 99.5-29.2H888v488zM396.9 361H211.1c-3.9 0-7.1 3.4-7.1 7.5v45c0 4.1 3.2 7.5 7.1 7.5h185.7c3.9 0 7.1-3.4 7.1-7.5v-45c.1-4.1-3.1-7.5-7-7.5zm223.1 7.5v45c0 4.1 3.2 7.5 7.1 7.5h185.7c3.9 0 7.1-3.4 7.1-7.5v-45c0-4.1-3.2-7.5-7.1-7.5H627.1c-3.9 0-7.1 3.4-7.1 7.5zM396.9 501H211.1c-3.9 0-7.1 3.4-7.1 7.5v45c0 4.1 3.2 7.5 7.1 7.5h185.7c3.9 0 7.1-3.4 7.1-7.5v-45c.1-4.1-3.1-7.5-7-7.5zm416 0H627.1c-3.9 0-7.1 3.4-7.1 7.5v45c0 4.1 3.2 7.5 7.1 7.5h185.7c3.9 0 7.1-3.4 7.1-7.5v-45c.1-4.1-3.1-7.5-7-7.5z"
                />
              </svg>
            </span>
          </button>
        </div>
      </div>
    </div>
    <div
      class="container relative block h-full mx-auto my-0 p-auto px-5 py-4 mt-0 mb-16 transition duration-300 shadow-xl transform-gpu hover:shadow-2xl hover:-translate-y-2"
    >
      <div
        style="opacity: 0; transform: translateX(-200px);"
      >
        <span
          class="ant-tag ant-tag-has-color"
          style="background-color: rgb(245, 159, 0);"
        >
          <a
            class="text-base font-extrabold"
            href="/tag/JavaScript"
          >
            JavaScript
          </a>
        </span>
        <h2
          class="ant-typography my-3"
        >
          5 Basic Notes
        </h2>
        <span
          class="ant-tag tag-black"
        >
          <div
            class="text-base font-extrabold"
          >
            Posted on 
            Wed Aug 08 2018
             
          </div>
        </span>
        <div
          class="container relative block h-full mx-auto my-0 p-auto mt-3"
        >
          <div
            class="ant-skeleton"
          >
            <div
              class="ant-skeleton-content"
            >
              <h3
                class="ant-skeleton-title"
                style="width: 38%;"
              />
              <ul
                class="ant-skeleton-paragraph"
              >
                <li />
                <li
                  style="width: 61%;"
                />
              </ul>
            </div>
          </div>
          <button
            class="ant-btn ant-btn-default float-right m-0 text-2xl rounded-full w-14 h-14 button-primary"
            type="button"
          >
            <span
              aria-label="read"
              class="anticon anticon-read"
              href="/post/5BasicNotes"
              role="img"
              tabindex="-1"
            >
              <svg
                aria-hidden="true"
                data-icon="read"
                fill="currentColor"
                focusable="false"
                height="1em"
                viewBox="64 64 896 896"
                width="1em"
              >
                <path
                  d="M928 161H699.2c-49.1 0-97.1 14.1-138.4 40.7L512 233l-48.8-31.3A255.2 255.2 0 00324.8 161H96c-17.7 0-32 14.3-32 32v568c0 17.7 14.3 32 32 32h228.8c49.1 0 97.1 14.1 138.4 40.7l44.4 28.6c1.3.8 2.8 1.3 4.3 1.3s3-.4 4.3-1.3l44.4-28.6C602 807.1 650.1 793 699.2 793H928c17.7 0 32-14.3 32-32V193c0-17.7-14.3-32-32-32zM324.8 721H136V233h188.8c35.4 0 69.8 10.1 99.5 29.2l48.8 31.3 6.9 4.5v462c-47.6-25.6-100.8-39-155.2-39zm563.2 0H699.2c-54.4 0-107.6 13.4-155.2 39V298l6.9-4.5 48.8-31.3c29.7-19.1 64.1-29.2 99.5-29.2H888v488zM396.9 361H211.1c-3.9 0-7.1 3.4-7.1 7.5v45c0 4.1 3.2 7.5 7.1 7.5h185.7c3.9 0 7.1-3.4 7.1-7.5v-45c.1-4.1-3.1-7.5-7-7.5zm223.1 7.5v45c0 4.1 3.2 7.5 7.1 7.5h185.7c3.9 0 7.1-3.4 7.1-7.5v-45c0-4.1-3.2-7.5-7.1-7.5H627.1c-3.9 0-7.1 3.4-7.1 7.5zM396.9 501H211.1c-3.9 0-7.1 3.4-7.1 7.5v45c0 4.1 3.2 7.5 7.1 7.5h185.7c3.9 0 7.1-3.4 7.1-7.5v-45c.1-4.1-3.1-7.5-7-7.5zm416 0H627.1c-3.9 0-7.1 3.4-7.1 7.5v45c0 4.1 3.2 7.5 7.1 7.5h185.7c3.9 0 7.1-3.4 7.1-7.5v-45c.1-4.1-3.1-7.5-7-7.5z"
                />
              </svg>
            </span>
          </button>
        </div>
      </div>
    </div>
  </div>
  <div
    class="flex-container container relative h-full mx-auto my-0 p-auto items-start hidden xl:visible xl:flex"
  >
    <div
      class="flex-container container relative h-full mx-auto my-0 p-auto flex-col max-w-7/12"
    >
      <div
        class="container relative block h-full mx-auto my-0 p-auto px-5 py-4 mt-0 mb-16 transition duration-300 shadow-xl transform-gpu hover:shadow-2xl hover:-translate-y-2"
      >
        <div
          style="opacity: 0; transform: translateX(-200px);"
        >
          <span
            class="ant-tag ant-tag-has-color"
            style="background-color: rgb(245, 159, 0);"
          >
            <a
              class="text-base font-extrabold"
              href="/tag/JavaScript"
            >
              JavaScript
            </a>
          </span>
          <h2
            class="ant-typography my-3"
          >
            1 Basic Notes
          </h2>
          <span
            class="ant-tag tag-black"
          >
            <div
              class="text-base font-extrabold"
            >
              Posted on 
              Wed Aug 08 2018
               
            </div>
          </span>
          <div
            class="container relative block h-full mx-auto my-0 p-auto mt-3"
          >
            <div
              class="ant-skeleton"
            >
              <div
                class="ant-skeleton-content"
              >
                <h3
                  class="ant-skeleton-title"
                  style="width: 38%;"
                />
                <ul
                  class="ant-skeleton-paragraph"
                />
              </div>
            </div>
            <button
              class="ant-btn ant-btn-default float-right m-0 text-2xl rounded-full w-14 h-14 button-primary"
              type="button"
            >
              <span
                aria-label="read"
                class="anticon anticon-read"
                href="/post/1BasicNotes"
                role="img"
                tabindex="-1"
              >
                <svg
                  aria-hidden="true"
                  data-icon="read"
                  fill="currentColor"
                  focusable="false"
                  height="1em"
                  viewBox="64 64 896 896"
                  width="1em"
                >
                  <path
                    d="M928 161H699.2c-49.1 0-97.1 14.1-138.4 40.7L512 233l-48.8-31.3A255.2 255.2 0 00324.8 161H96c-17.7 0-32 14.3-32 32v568c0 17.7 14.3 32 32 32h228.8c49.1 0 97.1 14.1 138.4 40.7l44.4 28.6c1.3.8 2.8 1.3 4.3 1.3s3-.4 4.3-1.3l44.4-28.6C602 807.1 650.1 793 699.2 793H928c17.7 0 32-14.3 32-32V193c0-17.7-14.3-32-32-32zM324.8 721H136V233h188.8c35.4 0 69.8 10.1 99.5 29.2l48.8 31.3 6.9 4.5v462c-47.6-25.6-100.8-39-155.2-39zm563.2 0H699.2c-54.4 0-107.6 13.4-155.2 39V298l6.9-4.5 48.8-31.3c29.7-19.1 64.1-29.2 99.5-29.2H888v488zM396.9 361H211.1c-3.9 0-7.1 3.4-7.1 7.5v45c0 4.1 3.2 7.5 7.1 7.5h185.7c3.9 0 7.1-3.4 7.1-7.5v-45c.1-4.1-3.1-7.5-7-7.5zm223.1 7.5v45c0 4.1 3.2 7.5 7.1 7.5h185.7c3.9 0 7.1-3.4 7.1-7.5v-45c0-4.1-3.2-7.5-7.1-7.5H627.1c-3.9 0-7.1 3.4-7.1 7.5zM396.9 501H211.1c-3.9 0-7.1 3.4-7.1 7.5v45c0 4.1 3.2 7.5 7.1 7.5h185.7c3.9 0 7.1-3.4 7.1-7.5v-45c.1-4.1-3.1-7.5-7-7.5zm416 0H627.1c-3.9 0-7.1 3.4-7.1 7.5v45c0 4.1 3.2 7.5 7.1 7.5h185.7c3.9 0 7.1-3.4 7.1-7.5v-45c.1-4.1-3.1-7.5-7-7.5z"
                  />
                </svg>
              </span>
            </button>
          </div>
        </div>
      </div>
      <div
        class="container relative block h-full mx-auto my-0 p-auto px-5 py-4 mt-0 mb-16 transition duration-300 shadow-xl transform-gpu hover:shadow-2xl hover:-translate-y-2"
      >
        <div
          style="opacity: 0; transform: translateX(-200px);"
        >
          <span
            class="ant-tag ant-tag-has-color"
            style="background-color: rgb(245, 159, 0);"
          >
            <a
              class="text-base font-extrabold"
              href="/tag/JavaScript"
            >
              JavaScript
            </a>
          </span>
          <h2
            class="ant-typography my-3"
          >
            2 Basic Notes
          </h2>
          <span
            class="ant-tag tag-black"
          >
            <div
              class="text-base font-extrabold"
            >
              Posted on 
              Wed Aug 08 2018
               
            </div>
          </span>
          <div
            class="container relative block h-full mx-auto my-0 p-auto mt-3"
          >
            <div
              class="ant-skeleton"
            >
              <div
                class="ant-skeleton-content"
              >
                <h3
                  class="ant-skeleton-title"
                  style="width: 38%;"
                />
                <ul
                  class="ant-skeleton-paragraph"
                >
                  <li
                    style="width: 61%;"
                  />
                </ul>
              </div>
            </div>
            <button
              class="ant-btn ant-btn-default float-right m-0 text-2xl rounded-full w-14 h-14 button-primary"
              type="button"
            >
              <span
                aria-label="read"
                class="anticon anticon-read"
                href="/post/2BasicNotes"
                role="img"
                tabindex="-1"
              >
                <svg
                  aria-hidden="true"
                  data-icon="read"
                  fill="currentColor"
                  focusable="false"
                  height="1em"
                  viewBox="64 64 896 896"
                  width="1em"
                >
                  <path
                    d="M928 161H699.2c-49.1 0-97.1 14.1-138.4 40.7L512 233l-48.8-31.3A255.2 255.2 0 00324.8 161H96c-17.7 0-32 14.3-32 32v568c0 17.7 14.3 32 32 32h228.8c49.1 0 97.1 14.1 138.4 40.7l44.4 28.6c1.3.8 2.8 1.3 4.3 1.3s3-.4 4.3-1.3l44.4-28.6C602 807.1 650.1 793 699.2 793H928c17.7 0 32-14.3 32-32V193c0-17.7-14.3-32-32-32zM324.8 721H136V233h188.8c35.4 0 69.8 10.1 99.5 29.2l48.8 31.3 6.9 4.5v462c-47.6-25.6-100.8-39-155.2-39zm563.2 0H699.2c-54.4 0-107.6 13.4-155.2 39V298l6.9-4.5 48.8-31.3c29.7-19.1 64.1-29.2 99.5-29.2H888v488zM396.9 361H211.1c-3.9 0-7.1 3.4-7.1 7.5v45c0 4.1 3.2 7.5 7.1 7.5h185.7c3.9 0 7.1-3.4 7.1-7.5v-45c.1-4.1-3.1-7.5-7-7.5zm223.1 7.5v45c0 4.1 3.2 7.5 7.1 7.5h185.7c3.9 0 7.1-3.4 7.1-7.5v-45c0-4.1-3.2-7.5-7.1-7.5H627.1c-3.9 0-7.1 3.4-7.1 7.5zM396.9 501H211.1c-3.9 0-7.1 3.4-7.1 7.5v45c0 4.1 3.2 7.5 7.1 7.5h185.7c3.9 0 7.1-3.4 7.1-7.5v-45c.1-4.1-3.1-7.5-7-7.5zm416 0H627.1c-3.9 0-7.1 3.4-7.1 7.5v45c0 4.1 3.2 7.5 7.1 7.5h185.7c3.9 0 7.1-3.4 7.1-7.5v-45c.1-4.1-3.1-7.5-7-7.5z"
                  />
                </svg>
              </span>
            </button>
          </div>
        </div>
      </div>
      <div
        class="container relative block h-full mx-auto my-0 p-auto px-5 py-4 mt-0 mb-16 transition duration-300 shadow-xl transform-gpu hover:shadow-2xl hover:-translate-y-2"
      >
        <div
          style="opacity: 0; transform: translateX(-200px);"
        >
          <span
            class="ant-tag ant-tag-has-color"
            style="background-color: rgb(245, 159, 0);"
          >
            <a
              class="text-base font-extrabold"
              href="/tag/JavaScript"
            >
              JavaScript
            </a>
          </span>
          <h2
            class="ant-typography my-3"
          >
            3 Basic Notes
          </h2>
          <span
            class="ant-tag tag-black"
          >
            <div
              class="text-base font-extrabold"
            >
              Posted on 
              Wed Aug 08 2018
               
            </div>
          </span>
          <div
            class="container relative block h-full mx-auto my-0 p-auto mt-3"
          >
            <div
              class="ant-skeleton"
            >
              <div
                class="ant-skeleton-content"
              >
                <h3
                  class="ant-skeleton-title"
                  style="width: 38%;"
                />
                <ul
                  class="ant-skeleton-paragraph"
                >
                  <li
                    style="width: 61%;"
                  />
                </ul>
              </div>
            </div>
            <button
              class="ant-btn ant-btn-default float-right m-0 text-2xl rounded-full w-14 h-14 button-primary"
              type="button"
            >
              <span
                aria-label="read"
                class="anticon anticon-read"
                href="/post/3BasicNotes"
                role="img"
                tabindex="-1"
              >
                <svg
                  aria-hidden="true"
                  data-icon="read"
                  fill="currentColor"
                  focusable="false"
                  height="1em"
                  viewBox="64 64 896 896"
                  width="1em"
                >
                  <path
                    d="M928 161H699.2c-49.1 0-97.1 14.1-138.4 40.7L512 233l-48.8-31.3A255.2 255.2 0 00324.8 161H96c-17.7 0-32 14.3-32 32v568c0 17.7 14.3 32 32 32h228.8c49.1 0 97.1 14.1 138.4 40.7l44.4 28.6c1.3.8 2.8 1.3 4.3 1.3s3-.4 4.3-1.3l44.4-28.6C602 807.1 650.1 793 699.2 793H928c17.7 0 32-14.3 32-32V193c0-17.7-14.3-32-32-32zM324.8 721H136V233h188.8c35.4 0 69.8 10.1 99.5 29.2l48.8 31.3 6.9 4.5v462c-47.6-25.6-100.8-39-155.2-39zm563.2 0H699.2c-54.4 0-107.6 13.4-155.2 39V298l6.9-4.5 48.8-31.3c29.7-19.1 64.1-29.2 99.5-29.2H888v488zM396.9 361H211.1c-3.9 0-7.1 3.4-7.1 7.5v45c0 4.1 3.2 7.5 7.1 7.5h185.7c3.9 0 7.1-3.4 7.1-7.5v-45c.1-4.1-3.1-7.5-7-7.5zm223.1 7.5v45c0 4.1 3.2 7.5 7.1 7.5h185.7c3.9 0 7.1-3.4 7.1-7.5v-45c0-4.1-3.2-7.5-7.1-7.5H627.1c-3.9 0-7.1 3.4-7.1 7.5zM396.9 501H211.1c-3.9 0-7.1 3.4-7.1 7.5v45c0 4.1 3.2 7.5 7.1 7.5h185.7c3.9 0 7.1-3.4 7.1-7.5v-45c.1-4.1-3.1-7.5-7-7.5zm416 0H627.1c-3.9 0-7.1 3.4-7.1 7.5v45c0 4.1 3.2 7.5 7.1 7.5h185.7c3.9 0 7.1-3.4 7.1-7.5v-45c.1-4.1-3.1-7.5-7-7.5z"
                  />
                </svg>
              </span>
            </button>
          </div>
        </div>
      </div>
    </div>
    <div
      class="flex-container container relative h-full mx-auto my-0 p-auto flex-col max-w-4/12"
    >
      <div
        class="container relative block h-full mx-auto my-0 p-auto px-5 py-4 mt-0 mb-16 transition duration-300 shadow-xl transform-gpu hover:shadow-2xl hover:-translate-y-2"
      >
        <div
          style="opacity: 0; transform: translateX(-200px);"
        >
          <span
            class="ant-tag ant-tag-has-color"
            style="background-color: rgb(245, 159, 0);"
          >
            <a
              class="text-base font-extrabold"
              href="/tag/JavaScript"
            >
              JavaScript
            </a>
          </span>
          <h2
            class="ant-typography my-3"
          >
            4 Basic Notes
          </h2>
          <span
            class="ant-tag tag-black"
          >
            <div
              class="text-base font-extrabold"
            >
              Posted on 
              Wed Aug 08 2018
               
            </div>
          </span>
          <div
            class="container relative block h-full mx-auto my-0 p-auto mt-3"
          >
            <div
              class="ant-skeleton"
            >
              <div
                class="ant-skeleton-content"
              >
                <h3
                  class="ant-skeleton-title"
                  style="width: 38%;"
                />
                <ul
                  class="ant-skeleton-paragraph"
                >
                  <li />
                  <li
                    style="width: 61%;"
                  />
                </ul>
              </div>
            </div>
            <button
              class="ant-btn ant-btn-default float-right m-0 text-2xl rounded-full w-14 h-14 button-primary"
              type="button"
            >
              <span
                aria-label="read"
                class="anticon anticon-read"
                href="/post/4BasicNotes"
                role="img"
                tabindex="-1"
              >
                <svg
                  aria-hidden="true"
                  data-icon="read"
                  fill="currentColor"
                  focusable="false"
                  height="1em"
                  viewBox="64 64 896 896"
                  width="1em"
                >
                  <path
                    d="M928 161H699.2c-49.1 0-97.1 14.1-138.4 40.7L512 233l-48.8-31.3A255.2 255.2 0 00324.8 161H96c-17.7 0-32 14.3-32 32v568c0 17.7 14.3 32 32 32h228.8c49.1 0 97.1 14.1 138.4 40.7l44.4 28.6c1.3.8 2.8 1.3 4.3 1.3s3-.4 4.3-1.3l44.4-28.6C602 807.1 650.1 793 699.2 793H928c17.7 0 32-14.3 32-32V193c0-17.7-14.3-32-32-32zM324.8 721H136V233h188.8c35.4 0 69.8 10.1 99.5 29.2l48.8 31.3 6.9 4.5v462c-47.6-25.6-100.8-39-155.2-39zm563.2 0H699.2c-54.4 0-107.6 13.4-155.2 39V298l6.9-4.5 48.8-31.3c29.7-19.1 64.1-29.2 99.5-29.2H888v488zM396.9 361H211.1c-3.9 0-7.1 3.4-7.1 7.5v45c0 4.1 3.2 7.5 7.1 7.5h185.7c3.9 0 7.1-3.4 7.1-7.5v-45c.1-4.1-3.1-7.5-7-7.5zm223.1 7.5v45c0 4.1 3.2 7.5 7.1 7.5h185.7c3.9 0 7.1-3.4 7.1-7.5v-45c0-4.1-3.2-7.5-7.1-7.5H627.1c-3.9 0-7.1 3.4-7.1 7.5zM396.9 501H211.1c-3.9 0-7.1 3.4-7.1 7.5v45c0 4.1 3.2 7.5 7.1 7.5h185.7c3.9 0 7.1-3.4 7.1-7.5v-45c.1-4.1-3.1-7.5-7-7.5zm416 0H627.1c-3.9 0-7.1 3.4-7.1 7.5v45c0 4.1 3.2 7.5 7.1 7.5h185.7c3.9 0 7.1-3.4 7.1-7.5v-45c.1-4.1-3.1-7.5-7-7.5z"
                  />
                </svg>
              </span>
            </button>
          </div>
        </div>
      </div>
      <div
        class="container relative block h-full mx-auto my-0 p-auto px-5 py-4 mt-0 mb-16 transition duration-300 shadow-xl transform-gpu hover:shadow-2xl hover:-translate-y-2"
      >
        <div
          style="opacity: 0; transform: translateX(-200px);"
        >
          <span
            class="ant-tag ant-tag-has-color"
            style="background-color: rgb(245, 159, 0);"
          >
            <a
              class="text-base font-extrabold"
              href="/tag/JavaScript"
            >
              JavaScript
            </a>
          </span>
          <h2
            class="ant-typography my-3"
          >
            5 Basic Notes
          </h2>
          <span
            class="ant-tag tag-black"
          >
            <div
              class="text-base font-extrabold"
            >
              Posted on 
              Wed Aug 08 2018
               
            </div>
          </span>
          <div
            class="container relative block h-full mx-auto my-0 p-auto mt-3"
          >
            <div
              class="ant-skeleton"
            >
              <div
                class="ant-skeleton-content"
              >
                <h3
                  class="ant-skeleton-title"
                  style="width: 38%;"
                />
                <ul
                  class="ant-skeleton-paragraph"
                >
                  <li />
                  <li
                    style="width: 61%;"
                  />
                </ul>
              </div>
            </div>
            <button
              class="ant-btn ant-btn-default float-right m-0 text-2xl rounded-full w-14 h-14 button-primary"
              type="button"
            >
              <span
                aria-label="read"
                class="anticon anticon-read"
                href="/post/5BasicNotes"
                role="img"
                tabindex="-1"
              >
                <svg
                  aria-hidden="true"
                  data-icon="read"
                  fill="currentColor"
                  focusable="false"
                  height="1em"
                  viewBox="64 64 896 896"
                  width="1em"
                >
                  <path
                    d="M928 161H699.2c-49.1 0-97.1 14.1-138.4 40.7L512 233l-48.8-31.3A255.2 255.2 0 00324.8 161H96c-17.7 0-32 14.3-32 32v568c0 17.7 14.3 32 32 32h228.8c49.1 0 97.1 14.1 138.4 40.7l44.4 28.6c1.3.8 2.8 1.3 4.3 1.3s3-.4 4.3-1.3l44.4-28.6C602 807.1 650.1 793 699.2 793H928c17.7 0 32-14.3 32-32V193c0-17.7-14.3-32-32-32zM324.8 721H136V233h188.8c35.4 0 69.8 10.1 99.5 29.2l48.8 31.3 6.9 4.5v462c-47.6-25.6-100.8-39-155.2-39zm563.2 0H699.2c-54.4 0-107.6 13.4-155.2 39V298l6.9-4.5 48.8-31.3c29.7-19.1 64.1-29.2 99.5-29.2H888v488zM396.9 361H211.1c-3.9 0-7.1 3.4-7.1 7.5v45c0 4.1 3.2 7.5 7.1 7.5h185.7c3.9 0 7.1-3.4 7.1-7.5v-45c.1-4.1-3.1-7.5-7-7.5zm223.1 7.5v45c0 4.1 3.2 7.5 7.1 7.5h185.7c3.9 0 7.1-3.4 7.1-7.5v-45c0-4.1-3.2-7.5-7.1-7.5H627.1c-3.9 0-7.1 3.4-7.1 7.5zM396.9 501H211.1c-3.9 0-7.1 3.4-7.1 7.5v45c0 4.1 3.2 7.5 7.1 7.5h185.7c3.9 0 7.1-3.4 7.1-7.5v-45c.1-4.1-3.1-7.5-7-7.5zm416 0H627.1c-3.9 0-7.1 3.4-7.1 7.5v45c0 4.1 3.2 7.5 7.1 7.5h185.7c3.9 0 7.1-3.4 7.1-7.5v-45c.1-4.1-3.1-7.5-7-7.5z"
                  />
                </svg>
              </span>
            </button>
          </div>
        </div>
      </div>
    </div>
  </div>
</div>
`;
