// Jest Snapshot v1, https://goo.gl/fbAQLP

exports[`articleComments should render correctly (snapshot) 1`] = `
<div>
  <div
    class="disqus after:bg-white dark:after:bg-black"
    id="disqus_thread"
  />
</div>
`;
