// Jest Snapshot v1, https://goo.gl/fbAQLP

exports[`LandingNav should render routes correctly (snapshot) 1`] = `
<div>
  <span
    aria-label="hamburger"
    class="anticon icon"
    data-testid="hamburger-button"
    role="img"
    tabindex="-1"
  >
    <svg
      data-testid="hamburger-icon"
      fill="currentColor"
      height="2em"
      p-id="7522"
      tabindex="0"
      viewBox="0 0 1024 1024"
      width="2em"
    >
      <path
        d="M904 160H120c-4.4 0-8 3.6-8 8v64c0 4.4 3.6 8 8 8h784c4.4 0 8-3.6 8-8v-64c0-4.4-3.6-8-8-8z"
        style="transform: none; transform-origin: 0px 0px;"
      />
      <path
        d="M904 472H120c-4.4 0-8 3.6-8 8v64c0 4.4 3.6 8 8 8h784c4.4 0 8-3.6 8-8v-64c0-4.4-3.6-8-8-8z"
        style="transform: none; transform-origin: 0px 0px;"
      />
      <path
        d="M904 784H120c-4.4 0-8 3.6-8 8v64c0 4.4 3.6 8 8 8h784c4.4 0 8-3.6 8-8v-64c0-4.4-3.6-8-8-8z"
        style="transform: none; transform-origin: 0px 0px;"
      />
    </svg>
  </span>
  <div
    class="nav"
    role="navigation"
    style="opacity: 0; transform: translateX(-100%) translateZ(0);"
  >
    <div
      class="inline-flex tooltip"
      style="opacity: 0; transform: translateX(20px) translateZ(0);"
      tabindex="0"
    >
      <span
        class="link"
        role="link"
      >
        <a
          href="/posts"
        >
          Posts
        </a>
      </span>
    </div>
    <div
      class="inline-flex tooltip"
      style="opacity: 0; transform: translateX(20px) translateZ(0);"
      tabindex="0"
    >
      <span
        class="link"
        role="link"
      >
        <a
          href="/tags"
        >
          Tags
        </a>
      </span>
    </div>
    <div
      class="inline-flex tooltip"
      style="opacity: 0; transform: translateX(20px) translateZ(0);"
      tabindex="0"
    >
      <span
        class="link"
        role="link"
      >
        <a
          href="/books"
        >
          Books
        </a>
      </span>
    </div>
    <div
      class="inline-flex tooltip"
      style="opacity: 0; transform: translateX(20px) translateZ(0);"
      tabindex="0"
    >
      <span
        class="link"
        role="link"
      >
        <a
          href="/about"
        >
          About
        </a>
      </span>
    </div>
  </div>
  <div
    class="banner"
    role="banner"
    style="transform: translateX(-100%) translateZ(0);"
  />
</div>
`;
