// Jest Snapshot v1, https://goo.gl/fbAQLP

exports[`Button should render correctly (snapshot) 1`] = `
<div>
  <button
    class="ant-btn ant-btn-default"
    type="button"
  >
    <span>
      Button
    </span>
  </button>
</div>
`;
