// Jest Snapshot v1, https://goo.gl/fbAQLP

exports[`Header should render correctly (snapshot) 1`] = `
<div>
  <div
    className="ant-row ant-row-center ant-row-middle md:hidden"
    style={Object {}}
  >
    <div
      className="ant-col ant-col-8 ant-col-offset-8 flex-container"
      style={Object {}}
    >
      <a
        href="/"
      >
        <img
          alt="Logo"
          className="block w-24 h-24"
          src="test-file-stub"
        />
      </a>
    </div>
    <div
      className="ant-col ant-col-8 flex-container"
      style={Object {}}
    >
      <span
        aria-label="bars"
        className="anticon anticon-bars text-5xl text-primary"
        onClick={[Function]}
        onMouseDown={[Function]}
        onTouchStart={[Function]}
        role="img"
        tabIndex={-1}
      >
        <svg
          aria-hidden="true"
          data-icon="bars"
          fill="currentColor"
          focusable="false"
          height="1em"
          viewBox="0 0 1024 1024"
          width="1em"
        >
          <path
            d="M912 192H328c-4.4 0-8 3.6-8 8v56c0 4.4 3.6 8 8 8h584c4.4 0 8-3.6 8-8v-56c0-4.4-3.6-8-8-8zm0 284H328c-4.4 0-8 3.6-8 8v56c0 4.4 3.6 8 8 8h584c4.4 0 8-3.6 8-8v-56c0-4.4-3.6-8-8-8zm0 284H328c-4.4 0-8 3.6-8 8v56c0 4.4 3.6 8 8 8h584c4.4 0 8-3.6 8-8v-56c0-4.4-3.6-8-8-8zM104 228a56 56 0 10112 0 56 56 0 10-112 0zm0 284a56 56 0 10112 0 56 56 0 10-112 0zm0 284a56 56 0 10112 0 56 56 0 10-112 0z"
          />
        </svg>
      </span>
    </div>
  </div>
  <ul
    className="ant-menu-overflow ant-menu ant-menu-root ant-menu-horizontal ant-menu-light fixed z-100 w-full font-extrabold transition transform-gpu border-transparent hidden md:visible md:flex bg-gradient-primary"
    data-menu-list={true}
    onKeyDown={[Function]}
    role="menu"
    tabIndex={0}
  >
    <li
      className="ant-menu-overflow-item ant-menu-item ant-menu-item-only-child flex-container transition transform-gpu scale-100"
      data-menu-id={null}
      onClick={[Function]}
      onFocus={[Function]}
      onKeyDown={[Function]}
      onMouseEnter={[Function]}
      onMouseLeave={[Function]}
      role="menuitem"
      style={
        Object {
          "height": undefined,
          "opacity": 1,
          "order": 0,
          "overflowY": undefined,
          "pointerEvents": undefined,
          "position": undefined,
        }
      }
      tabIndex={-1}
    >
      <span
        className="ant-menu-title-content"
      >
        <a
          href="/"
        >
          <img
            alt="Logo"
            className="block w-full h-24"
            src="test-file-stub"
          />
        </a>
      </span>
    </li>
    <li
      className="ant-menu-overflow-item ant-menu-item ant-menu-item-only-child flex-container transition transform-gpu translate-x-0"
      data-menu-id={null}
      onClick={[Function]}
      onFocus={[Function]}
      onKeyDown={[Function]}
      onMouseEnter={[Function]}
      onMouseLeave={[Function]}
      role="menuitem"
      style={
        Object {
          "height": undefined,
          "opacity": 1,
          "order": 1,
          "overflowY": undefined,
          "pointerEvents": undefined,
          "position": undefined,
        }
      }
      tabIndex={-1}
    >
      <span
        className="ant-menu-title-content"
      >
        <a
          className="transition-none text-light"
          href="/posts"
        >
          Posts
        </a>
      </span>
    </li>
    <li
      className="ant-menu-overflow-item ant-menu-item ant-menu-item-only-child flex-container transition transform-gpu translate-x-0"
      data-menu-id={null}
      onClick={[Function]}
      onFocus={[Function]}
      onKeyDown={[Function]}
      onMouseEnter={[Function]}
      onMouseLeave={[Function]}
      role="menuitem"
      style={
        Object {
          "height": undefined,
          "opacity": 1,
          "order": 2,
          "overflowY": undefined,
          "pointerEvents": undefined,
          "position": undefined,
        }
      }
      tabIndex={-1}
    >
      <span
        className="ant-menu-title-content"
      >
        <a
          className="transition-none text-light"
          href="/tags"
        >
          Tags
        </a>
      </span>
    </li>
    <li
      className="ant-menu-overflow-item ant-menu-item ant-menu-item-only-child flex-container transition transform-gpu translate-x-0"
      data-menu-id={null}
      onClick={[Function]}
      onFocus={[Function]}
      onKeyDown={[Function]}
      onMouseEnter={[Function]}
      onMouseLeave={[Function]}
      role="menuitem"
      style={
        Object {
          "height": undefined,
          "opacity": 1,
          "order": 3,
          "overflowY": undefined,
          "pointerEvents": undefined,
          "position": undefined,
        }
      }
      tabIndex={-1}
    >
      <span
        className="ant-menu-title-content"
      >
        <a
          className="transition-none text-light"
          href="/books"
        >
          Books
        </a>
      </span>
    </li>
    <li
      className="ant-menu-overflow-item ant-menu-item ant-menu-item-only-child flex-container transition transform-gpu translate-x-0"
      data-menu-id={null}
      onClick={[Function]}
      onFocus={[Function]}
      onKeyDown={[Function]}
      onMouseEnter={[Function]}
      onMouseLeave={[Function]}
      role="menuitem"
      style={
        Object {
          "height": undefined,
          "opacity": 1,
          "order": 4,
          "overflowY": undefined,
          "pointerEvents": undefined,
          "position": undefined,
        }
      }
      tabIndex={-1}
    >
      <span
        className="ant-menu-title-content"
      >
        <a
          className="transition-none text-light"
          href="/about"
        >
          About
        </a>
      </span>
    </li>
    <li
      className="ant-menu-overflow-item ant-menu-item ant-menu-item-only-child flex-container border-transparent transition transform-gpu translate-x-0"
      data-menu-id={null}
      onClick={[Function]}
      onFocus={[Function]}
      onKeyDown={[Function]}
      onMouseEnter={[Function]}
      onMouseLeave={[Function]}
      role="menuitem"
      style={
        Object {
          "height": undefined,
          "opacity": 1,
          "order": 5,
          "overflowY": undefined,
          "pointerEvents": undefined,
          "position": undefined,
        }
      }
      tabIndex={-1}
    >
      <span
        className="ant-menu-title-content"
      >
        <div
          className="ant-select ant-select-auto-complete flex-container ant-select-single ant-select-customize-input ant-select-show-search"
          onBlur={[Function]}
          onFocus={[Function]}
          onKeyDown={[Function]}
          onKeyUp={[Function]}
          onMouseDown={[Function]}
        >
          <div
            className="ant-select-selector"
            onClick={[Function]}
            onMouseDown={[Function]}
          >
            <span
              className="ant-select-selection-search"
            >
              <span
                className="ant-input-affix-wrapper ant-select-selection-search-input"
                onMouseUp={[Function]}
                style={
                  Object {
                    "opacity": null,
                  }
                }
              >
                <span
                  className="ant-input-prefix"
                >
                  <span
                    aria-label="search"
                    className="anticon anticon-search"
                    role="img"
                  >
                    <svg
                      aria-hidden="true"
                      data-icon="search"
                      fill="currentColor"
                      focusable="false"
                      height="1em"
                      viewBox="64 64 896 896"
                      width="1em"
                    >
                      <path
                        d="M909.6 854.5L649.9 594.8C690.2 542.7 712 479 712 412c0-80.2-31.3-155.4-87.9-212.1-56.6-56.7-132-87.9-212.1-87.9s-155.5 31.3-212.1 87.9C143.2 256.5 112 331.8 112 412c0 80.1 31.3 155.5 87.9 212.1C256.5 680.8 331.8 712 412 712c67 0 130.6-21.8 182.7-62l259.7 259.6a8.2 8.2 0 0011.6 0l43.6-43.5a8.2 8.2 0 000-11.6zM570.4 570.4C528 612.7 471.8 636 412 636s-116-23.3-158.4-65.6C211.3 528 188 471.8 188 412s23.3-116.1 65.6-158.4C296 211.3 352.2 188 412 188s116.1 23.2 158.4 65.6S636 352.2 636 412s-23.3 116.1-65.6 158.4z"
                      />
                    </svg>
                  </span>
                </span>
                <input
                  aria-activedescendant="undefined_list_0"
                  aria-autocomplete="list"
                  aria-controls="undefined_list"
                  aria-haspopup="listbox"
                  aria-owns="undefined_list"
                  autoComplete="off"
                  className="ant-input"
                  hidden={null}
                  onBlur={[Function]}
                  onChange={[Function]}
                  onCompositionEnd={[Function]}
                  onCompositionStart={[Function]}
                  onFocus={[Function]}
                  onKeyDown={[Function]}
                  onMouseDown={[Function]}
                  onPaste={[Function]}
                  placeholder="Search Posts ..."
                  readOnly={false}
                  role="combobox"
                  style={null}
                  type="search"
                  unselectable={null}
                  value=""
                />
                <span
                  className="ant-input-suffix"
                >
                  <span
                    className="ant-input-clear-icon ant-input-clear-icon-hidden"
                    onClick={[Function]}
                    onMouseDown={[Function]}
                    role="button"
                    tabIndex={-1}
                  >
                    <span
                      aria-label="close-circle"
                      className="anticon anticon-close-circle"
                      role="img"
                    >
                      <svg
                        aria-hidden="true"
                        data-icon="close-circle"
                        fill="currentColor"
                        focusable="false"
                        height="1em"
                        viewBox="64 64 896 896"
                        width="1em"
                      >
                        <path
                          d="M512 64C264.6 64 64 264.6 64 512s200.6 448 448 448 448-200.6 448-448S759.4 64 512 64zm165.4 618.2l-66-.3L512 563.4l-99.3 118.4-66.1.3c-4.4 0-8-3.5-8-8 0-1.9.7-3.7 1.9-5.2l130.1-155L340.5 359a8.32 8.32 0 01-1.9-5.2c0-4.4 3.6-8 8-8l66.1.3L512 464.6l99.3-118.4 66-.3c4.4 0 8 3.5 8 8 0 1.9-.7 3.7-1.9 5.2L553.5 514l130 155c1.2 1.5 1.9 3.3 1.9 5.2 0 4.4-3.6 8-8 8z"
                        />
                      </svg>
                    </span>
                  </span>
                </span>
              </span>
            </span>
            <span
              className="ant-select-selection-placeholder"
            />
          </div>
        </div>
      </span>
    </li>
    <li
      aria-hidden={true}
      className="ant-menu-overflow-item ant-menu-overflow-item-rest ant-menu-submenu ant-menu-submenu-horizontal"
      onMouseEnter={[Function]}
      onMouseLeave={[Function]}
      role="none"
      style={
        Object {
          "height": 0,
          "opacity": 0,
          "order": 9007199254740991,
          "overflowY": "hidden",
          "pointerEvents": "none",
          "position": "absolute",
        }
      }
    >
      <div
        aria-controls={null}
        aria-expanded={false}
        aria-haspopup={true}
        className="ant-menu-submenu-title"
        data-menu-id={null}
        onClick={[Function]}
        onFocus={[Function]}
        onMouseEnter={[Function]}
        onMouseLeave={[Function]}
        role="menuitem"
        style={null}
        tabIndex={-1}
        title={null}
      >
        <span
          aria-label="ellipsis"
          className="anticon anticon-ellipsis"
          role="img"
        >
          <svg
            aria-hidden="true"
            data-icon="ellipsis"
            fill="currentColor"
            focusable="false"
            height="1em"
            viewBox="64 64 896 896"
            width="1em"
          >
            <path
              d="M176 511a56 56 0 10112 0 56 56 0 10-112 0zm280 0a56 56 0 10112 0 56 56 0 10-112 0zm280 0a56 56 0 10112 0 56 56 0 10-112 0z"
            />
          </svg>
        </span>
        <i
          className="ant-menu-submenu-arrow"
        />
      </div>
    </li>
  </ul>
  <div
    aria-hidden={true}
    style={
      Object {
        "display": "none",
      }
    }
  />
</div>
`;
