// Jest Snapshot v1, https://goo.gl/fbAQLP

exports[`table should render correctly (snapshot) 1`] = `
<div>
  <table
    class="table dark:shadow-xl dark:shadow-primary"
  />
</div>
`;
