// Jest Snapshot v1, https://goo.gl/fbAQLP

exports[`ease should render correctly (snapshot) 1`] = `
<div>
  <div
    style="opacity: 0;"
  >
    <div>
      Ease
    </div>
  </div>
</div>
`;
