// Jest Snapshot v1, https://goo.gl/fbAQLP

exports[`switch should render correctly (snapshot) 1`] = `
<div>
  <div
    role="switch"
    style="opacity: 0;"
  />
</div>
`;
