// Jest Snapshot v1, https://goo.gl/fbAQLP

exports[`Footnote should render correctly (snapshot) 1`] = `
<div>
  <div
    class="footnote"
  />
</div>
`;
