// Jest Snapshot v1, https://goo.gl/fbAQLP

exports[`Blockquote should render correctly (snapshot) 1`] = `
<div>
  <blockquote
    class="blockquote dark:border dark:bg-black dark:shadow-xl dark:shadow-primary"
  >
    Blockquote
  </blockquote>
</div>
`;
