// Jest Snapshot v1, https://goo.gl/fbAQLP

exports[`PostsList should render correctly (snapshot) 1`] = `
<div
  className="ant-list ant-list-split mt-6"
>
  <div
    className="ant-spin-nested-loading"
  >
    <div
      className="ant-spin-container"
    >
      <ul
        className="ant-list-items"
      >
        <li
          className="ant-list-item"
        >
          <div
            className="ant-list-item-meta"
          >
            <div
              className="ant-list-item-meta-content"
            >
              <h4
                className="ant-list-item-meta-title"
              >
                <a
                  className="text-blue-400 transition text-span-lg transform-gpu hover:translate-x-4"
                  href="/1BasicNotes/"
                >
                  1 Basic Notes
                </a>
              </h4>
            </div>
          </div>
        </li>
        <li
          className="ant-list-item"
        >
          <div
            className="ant-list-item-meta"
          >
            <div
              className="ant-list-item-meta-content"
            >
              <h4
                className="ant-list-item-meta-title"
              >
                <a
                  className="text-blue-400 transition text-span-lg transform-gpu hover:translate-x-4"
                  href="/2BasicNotes/"
                >
                  2 Basic Notes
                </a>
              </h4>
            </div>
          </div>
        </li>
        <li
          className="ant-list-item"
        >
          <div
            className="ant-list-item-meta"
          >
            <div
              className="ant-list-item-meta-content"
            >
              <h4
                className="ant-list-item-meta-title"
              >
                <a
                  className="text-blue-400 transition text-span-lg transform-gpu hover:translate-x-4"
                  href="/3BasicNotes/"
                >
                  3 Basic Notes
                </a>
              </h4>
            </div>
          </div>
        </li>
        <li
          className="ant-list-item"
        >
          <div
            className="ant-list-item-meta"
          >
            <div
              className="ant-list-item-meta-content"
            >
              <h4
                className="ant-list-item-meta-title"
              >
                <a
                  className="text-blue-400 transition text-span-lg transform-gpu hover:translate-x-4"
                  href="/4BasicNotes/"
                >
                  4 Basic Notes
                </a>
              </h4>
            </div>
          </div>
        </li>
        <li
          className="ant-list-item"
        >
          <div
            className="ant-list-item-meta"
          >
            <div
              className="ant-list-item-meta-content"
            >
              <h4
                className="ant-list-item-meta-title"
              >
                <a
                  className="text-blue-400 transition text-span-lg transform-gpu hover:translate-x-4"
                  href="/5BasicNotes/"
                >
                  5 Basic Notes
                </a>
              </h4>
            </div>
          </div>
        </li>
      </ul>
    </div>
  </div>
</div>
`;
