// Jest Snapshot v1, https://goo.gl/fbAQLP

exports[`Anchor should render correctly (snapshot) 1`] = `
<div>
  <a
    class="ant-typography"
  />
</div>
`;
