// Jest Snapshot v1, https://goo.gl/fbAQLP

exports[`Paragraph should render correctly (snapshot) 1`] = `
<div>
  <div
    class="ant-typography"
  />
</div>
`;
