// Jest Snapshot v1, https://goo.gl/fbAQLP

exports[`Texts should render correctly (snapshot) 1`] = `
<div>
  <a
    class="ant-typography mdx-hash-link anchor"
  >
    Text
  </a>
</div>
`;

exports[`Texts should render correctly (snapshot) 2`] = `
<div>
  <span
    class="ant-typography dark:text-light"
  >
    <strong>
      Text
    </strong>
  </span>
</div>
`;

exports[`Texts should render correctly (snapshot) 3`] = `
<div>
  <span
    class="ant-typography dark:text-light"
  >
    <i>
      Text
    </i>
  </span>
</div>
`;

exports[`Texts should render correctly (snapshot) 4`] = `
<div>
  <span
    class="ant-typography dark:text-light"
  >
    <del>
      Text
    </del>
  </span>
</div>
`;
