// Jest Snapshot v1, https://goo.gl/fbAQLP

exports[`flexContainer should render correctly (snapshot) 1`] = `
<div>
  <div
    class="flex-container p-auto container relative mx-auto my-0 h-full"
    role="main"
  >
    <h1>
      FlexContainer
    </h1>
  </div>
</div>
`;
