// Jest Snapshot v1, https://goo.gl/fbAQLP

exports[`InlineCode should render correctly (snapshot) 1`] = `
<div>
  <code
    class="code dark:text-light dark:shadow-xl dark:shadow-primary"
  >
    Inline Code
  </code>
</div>
`;
