// Jest Snapshot v1, https://goo.gl/fbAQLP

exports[`LiveCode should render live code correctly (snapshot) 1`] = `
<div>
  <div
    class="container"
  >
    <div
      class="editor"
      style="position: relative; text-align: left; box-sizing: border-box; padding: 0px; overflow: hidden; color: rgb(118, 217, 230); background-color: rgb(42, 42, 42);"
    >
      <pre
        aria-hidden="true"
        style="margin: 0px; border: 0px; background: none; box-sizing: inherit; display: inherit; font-family: inherit; font-style: inherit; font-variant-ligatures: inherit; font-weight: inherit; letter-spacing: inherit; line-height: inherit; tab-size: inherit; text-indent: inherit; text-rendering: inherit; text-transform: inherit; white-space: pre-wrap; word-break: keep-all; overflow-wrap: break-word; position: relative; pointer-events: none; padding: 1.25rem 1.25rem 1.25rem 1.25rem;"
      >
        <span
          class="token-line"
          style="color: rgb(118, 217, 230);"
        >
          <span
            class="token keyword"
            style="color: rgb(249, 38, 114);"
          >
            const
          </span>
          <span
            class="token plain"
          >
             foo 
          </span>
          <span
            class="token operator"
            style="color: rgb(167, 122, 254);"
          >
            =
          </span>
          <span
            class="token plain"
          >
             
          </span>
          <span
            class="token function"
            style="color: rgb(166, 226, 45);"
          >
            bar
          </span>
          <span
            class="token punctuation"
            style="color: rgb(248, 248, 242);"
          >
            (
          </span>
          <span
            class="token punctuation"
            style="color: rgb(248, 248, 242);"
          >
            )
          </span>
          <span
            class="token punctuation"
            style="color: rgb(248, 248, 242);"
          >
            ;
          </span>
        </span>
        

      </pre>
      <textarea
        autocapitalize="off"
        autocomplete="off"
        autocorrect="off"
        class="npm__react-simple-code-editor__textarea"
        data-gramm="false"
        spellcheck="false"
        style="margin: 0px; border: 0px; background: none; box-sizing: inherit; display: inherit; font-family: inherit; font-style: inherit; font-variant-ligatures: inherit; font-weight: inherit; letter-spacing: inherit; line-height: inherit; tab-size: inherit; text-indent: inherit; text-rendering: inherit; text-transform: inherit; white-space: pre-wrap; word-break: keep-all; overflow-wrap: break-word; position: absolute; top: 0px; left: 0px; height: 100%; width: 100%; resize: none; overflow: hidden; padding: 1.25rem 1.25rem 1.25rem 1.25rem;"
      >
        const foo = bar();
      </textarea>
      <style>
        
/**
 * Reset the text fill color so that placeholder is visible
 */
.npm__react-simple-code-editor__textarea:empty {
  -webkit-text-fill-color: inherit !important;
}

/**
 * Hack to apply on some CSS on IE10 and IE11
 */
@media all and (-ms-high-contrast: none), (-ms-high-contrast: active) {
  /**
    * IE doesn't support '-webkit-text-fill-color'
    * So we use 'color: transparent' to make the text transparent on IE
    * Unlike other browsers, it doesn't affect caret color in IE
    */
  .npm__react-simple-code-editor__textarea {
    color: transparent !important;
  }

  .npm__react-simple-code-editor__textarea::selection {
    background-color: #accef7 !important;
    color: transparent !important;
  }
}

      </style>
    </div>
    <div
      class="preview"
    />
    <pre
      class="error"
    >
      ReferenceError: bar is not defined
    </pre>
  </div>
</div>
`;
