// Jest Snapshot v1, https://goo.gl/fbAQLP

exports[`container should render correctly (snapshot) 1`] = `
<div>
  <div
    class="p-auto container relative mx-auto my-0 block h-full"
    role="main"
  >
    <h1>
      Container
    </h1>
  </div>
</div>
`;
